Archive member included to satisfy reference by file (symbol)

f:/at32ide/platform/tools/gcc-arm-none-eabi-10.3-2021.10/bin/../lib/gcc/arm-none-eabi/10.3.1/../../../../arm-none-eabi/lib/thumb/v7e-m+fp/hard\libg_nano.a(lib_a-exit.o)
                              f:/at32ide/platform/tools/gcc-arm-none-eabi-10.3-2021.10/bin/../lib/gcc/arm-none-eabi/10.3.1/../../../../arm-none-eabi/lib/thumb/v7e-m+fp/hard/crt0.o (exit)
f:/at32ide/platform/tools/gcc-arm-none-eabi-10.3-2021.10/bin/../lib/gcc/arm-none-eabi/10.3.1/../../../../arm-none-eabi/lib/thumb/v7e-m+fp/hard\libg_nano.a(lib_a-impure.o)
                              f:/at32ide/platform/tools/gcc-arm-none-eabi-10.3-2021.10/bin/../lib/gcc/arm-none-eabi/10.3.1/../../../../arm-none-eabi/lib/thumb/v7e-m+fp/hard\libg_nano.a(lib_a-exit.o) (_global_impure_ptr)
f:/at32ide/platform/tools/gcc-arm-none-eabi-10.3-2021.10/bin/../lib/gcc/arm-none-eabi/10.3.1/../../../../arm-none-eabi/lib/thumb/v7e-m+fp/hard\libg_nano.a(lib_a-init.o)
                              f:/at32ide/platform/tools/gcc-arm-none-eabi-10.3-2021.10/bin/../lib/gcc/arm-none-eabi/10.3.1/../../../../arm-none-eabi/lib/thumb/v7e-m+fp/hard/crt0.o (__libc_init_array)
f:/at32ide/platform/tools/gcc-arm-none-eabi-10.3-2021.10/bin/../lib/gcc/arm-none-eabi/10.3.1/../../../../arm-none-eabi/lib/thumb/v7e-m+fp/hard\libg_nano.a(lib_a-memset.o)
                              f:/at32ide/platform/tools/gcc-arm-none-eabi-10.3-2021.10/bin/../lib/gcc/arm-none-eabi/10.3.1/../../../../arm-none-eabi/lib/thumb/v7e-m+fp/hard/crt0.o (memset)
f:/at32ide/platform/tools/gcc-arm-none-eabi-10.3-2021.10/bin/../lib/gcc/arm-none-eabi/10.3.1/../../../../arm-none-eabi/lib/thumb/v7e-m+fp/hard\libg_nano.a(lib_a-utoa.o)
                              ./user/main.o (utoa)
f:/at32ide/platform/tools/gcc-arm-none-eabi-10.3-2021.10/bin/../lib/gcc/arm-none-eabi/10.3.1/../../../../arm-none-eabi/lib/thumb/v7e-m+fp/hard\libnosys.a(_exit.o)
                              f:/at32ide/platform/tools/gcc-arm-none-eabi-10.3-2021.10/bin/../lib/gcc/arm-none-eabi/10.3.1/../../../../arm-none-eabi/lib/thumb/v7e-m+fp/hard\libg_nano.a(lib_a-exit.o) (_exit)

Discarded input sections

 .text          0x00000000        0x0 f:/at32ide/platform/tools/gcc-arm-none-eabi-10.3-2021.10/bin/../lib/gcc/arm-none-eabi/10.3.1/thumb/v7e-m+fp/hard/crtfastmath.o
 .data          0x00000000        0x0 f:/at32ide/platform/tools/gcc-arm-none-eabi-10.3-2021.10/bin/../lib/gcc/arm-none-eabi/10.3.1/thumb/v7e-m+fp/hard/crtfastmath.o
 .bss           0x00000000        0x0 f:/at32ide/platform/tools/gcc-arm-none-eabi-10.3-2021.10/bin/../lib/gcc/arm-none-eabi/10.3.1/thumb/v7e-m+fp/hard/crtfastmath.o
 .text          0x00000000        0x0 f:/at32ide/platform/tools/gcc-arm-none-eabi-10.3-2021.10/bin/../lib/gcc/arm-none-eabi/10.3.1/thumb/v7e-m+fp/hard/crti.o
 .data          0x00000000        0x0 f:/at32ide/platform/tools/gcc-arm-none-eabi-10.3-2021.10/bin/../lib/gcc/arm-none-eabi/10.3.1/thumb/v7e-m+fp/hard/crti.o
 .bss           0x00000000        0x0 f:/at32ide/platform/tools/gcc-arm-none-eabi-10.3-2021.10/bin/../lib/gcc/arm-none-eabi/10.3.1/thumb/v7e-m+fp/hard/crti.o
 .data          0x00000000        0x4 f:/at32ide/platform/tools/gcc-arm-none-eabi-10.3-2021.10/bin/../lib/gcc/arm-none-eabi/10.3.1/thumb/v7e-m+fp/hard/crtbegin.o
 .rodata        0x00000000       0x24 f:/at32ide/platform/tools/gcc-arm-none-eabi-10.3-2021.10/bin/../lib/gcc/arm-none-eabi/10.3.1/thumb/v7e-m+fp/hard/crtbegin.o
 .text          0x00000000       0x7c f:/at32ide/platform/tools/gcc-arm-none-eabi-10.3-2021.10/bin/../lib/gcc/arm-none-eabi/10.3.1/../../../../arm-none-eabi/lib/thumb/v7e-m+fp/hard/crt0.o
 .data          0x00000000        0x0 f:/at32ide/platform/tools/gcc-arm-none-eabi-10.3-2021.10/bin/../lib/gcc/arm-none-eabi/10.3.1/../../../../arm-none-eabi/lib/thumb/v7e-m+fp/hard/crt0.o
 .bss           0x00000000        0x0 f:/at32ide/platform/tools/gcc-arm-none-eabi-10.3-2021.10/bin/../lib/gcc/arm-none-eabi/10.3.1/../../../../arm-none-eabi/lib/thumb/v7e-m+fp/hard/crt0.o
 .ARM.extab     0x00000000        0x0 f:/at32ide/platform/tools/gcc-arm-none-eabi-10.3-2021.10/bin/../lib/gcc/arm-none-eabi/10.3.1/../../../../arm-none-eabi/lib/thumb/v7e-m+fp/hard/crt0.o
 .ARM.exidx     0x00000000       0x10 f:/at32ide/platform/tools/gcc-arm-none-eabi-10.3-2021.10/bin/../lib/gcc/arm-none-eabi/10.3.1/../../../../arm-none-eabi/lib/thumb/v7e-m+fp/hard/crt0.o
 .ARM.attributes
                0x00000000       0x1c f:/at32ide/platform/tools/gcc-arm-none-eabi-10.3-2021.10/bin/../lib/gcc/arm-none-eabi/10.3.1/../../../../arm-none-eabi/lib/thumb/v7e-m+fp/hard/crt0.o
 .text          0x00000000        0x0 ./user/at32f403a_407_clock.o
 .data          0x00000000        0x0 ./user/at32f403a_407_clock.o
 .bss           0x00000000        0x0 ./user/at32f403a_407_clock.o
 .text          0x00000000        0x0 ./user/at32f403a_407_int.o
 .data          0x00000000        0x0 ./user/at32f403a_407_int.o
 .bss           0x00000000        0x0 ./user/at32f403a_407_int.o
[...]
Memory Configuration

Name             Origin             Length             Attributes
FLASH            0x08000000         0x000fa000         xr
RAM              0x20000000         0x00018000         xrw
*default*        0x00000000         0xffffffff

Linker script and memory map

LOAD f:/at32ide/platform/tools/gcc-arm-none-eabi-10.3-2021.10/bin/../lib/gcc/arm-none-eabi/10.3.1/thumb/v7e-m+fp/hard/crtfastmath.o
LOAD f:/at32ide/platform/tools/gcc-arm-none-eabi-10.3-2021.10/bin/../lib/gcc/arm-none-eabi/10.3.1/thumb/v7e-m+fp/hard/crti.o
LOAD f:/at32ide/platform/tools/gcc-arm-none-eabi-10.3-2021.10/bin/../lib/gcc/arm-none-eabi/10.3.1/thumb/v7e-m+fp/hard/crtbegin.o
LOAD f:/at32ide/platform/tools/gcc-arm-none-eabi-10.3-2021.10/bin/../lib/gcc/arm-none-eabi/10.3.1/../../../../arm-none-eabi/lib/thumb/v7e-m+fp/hard/crt0.o
LOAD ./user/at32f403a_407_clock.o
LOAD ./user/at32f403a_407_int.o
LOAD ./user/main.o
LOAD ./firmware/at32f403a_407_acc.o
LOAD ./firmware/at32f403a_407_adc.o
LOAD ./firmware/at32f403a_407_bpr.o
LOAD ./firmware/at32f403a_407_can.o
LOAD ./firmware/at32f403a_407_crc.o
LOAD ./firmware/at32f403a_407_crm.o
LOAD ./firmware/at32f403a_407_dac.o
LOAD ./firmware/at32f403a_407_debug.o
LOAD ./firmware/at32f403a_407_dma.o
LOAD ./firmware/at32f403a_407_emac.o
LOAD ./firmware/at32f403a_407_exint.o
LOAD ./firmware/at32f403a_407_flash.o
LOAD ./firmware/at32f403a_407_gpio.o
LOAD ./firmware/at32f403a_407_i2c.o
LOAD ./firmware/at32f403a_407_misc.o
LOAD ./firmware/at32f403a_407_pwc.o
LOAD ./firmware/at32f403a_407_rtc.o
LOAD ./firmware/at32f403a_407_sdio.o
LOAD ./firmware/at32f403a_407_spi.o
LOAD ./firmware/at32f403a_407_tmr.o
LOAD ./firmware/at32f403a_407_usart.o
LOAD ./firmware/at32f403a_407_usb.o
LOAD ./firmware/at32f403a_407_wdt.o
LOAD ./firmware/at32f403a_407_wwdt.o
LOAD ./firmware/at32f403a_407_xmc.o
LOAD ./cmsis/startup_at32f403a_407.o
LOAD ./cmsis/system_at32f403a_407.o
LOAD ./bsp/at32f403a_407_board.o
LOAD ./Display/display.o
LOAD ./Display/display_asm.o
LOAD ./Display/display_offsets.o
LOAD ./Display/fonts.o
LOAD ./Display/ili9341.o
LOAD ./Display/st7789.o
START GROUP
LOAD f:/at32ide/platform/tools/gcc-arm-none-eabi-10.3-2021.10/bin/../lib/gcc/arm-none-eabi/10.3.1/thumb/v7e-m+fp/hard\libgcc.a
LOAD f:/at32ide/platform/tools/gcc-arm-none-eabi-10.3-2021.10/bin/../lib/gcc/arm-none-eabi/10.3.1/../../../../arm-none-eabi/lib/thumb/v7e-m+fp/hard\libg_nano.a
LOAD f:/at32ide/platform/tools/gcc-arm-none-eabi-10.3-2021.10/bin/../lib/gcc/arm-none-eabi/10.3.1/../../../../arm-none-eabi/lib/thumb/v7e-m+fp/hard\libc_nano.a
END GROUP
START GROUP
LOAD f:/at32ide/platform/tools/gcc-arm-none-eabi-10.3-2021.10/bin/../lib/gcc/arm-none-eabi/10.3.1/thumb/v7e-m+fp/hard\libgcc.a
LOAD f:/at32ide/platform/tools/gcc-arm-none-eabi-10.3-2021.10/bin/../lib/gcc/arm-none-eabi/10.3.1/../../../../arm-none-eabi/lib/thumb/v7e-m+fp/hard\libc_nano.a
LOAD f:/at32ide/platform/tools/gcc-arm-none-eabi-10.3-2021.10/bin/../lib/gcc/arm-none-eabi/10.3.1/../../../../arm-none-eabi/lib/thumb/v7e-m+fp/hard\libnosys.a
END GROUP
START GROUP
LOAD f:/at32ide/platform/tools/gcc-arm-none-eabi-10.3-2021.10/bin/../lib/gcc/arm-none-eabi/10.3.1/thumb/v7e-m+fp/hard\libgcc.a
LOAD f:/at32ide/platform/tools/gcc-arm-none-eabi-10.3-2021.10/bin/../lib/gcc/arm-none-eabi/10.3.1/../../../../arm-none-eabi/lib/thumb/v7e-m+fp/hard\libc_nano.a
LOAD f:/at32ide/platform/tools/gcc-arm-none-eabi-10.3-2021.10/bin/../lib/gcc/arm-none-eabi/10.3.1/../../../../arm-none-eabi/lib/thumb/v7e-m+fp/hard\libnosys.a
END GROUP
LOAD f:/at32ide/platform/tools/gcc-arm-none-eabi-10.3-2021.10/bin/../lib/gcc/arm-none-eabi/10.3.1/thumb/v7e-m+fp/hard/crtend.o
LOAD f:/at32ide/platform/tools/gcc-arm-none-eabi-10.3-2021.10/bin/../lib/gcc/arm-none-eabi/10.3.1/thumb/v7e-m+fp/hard/crtn.o
                0x20018000                _estack = 0x20018000
                0x00000200                _Min_Heap_Size = 0x200
                0x00000400                _Min_Stack_Size = 0x400

.isr_vector     0x08000000      0x184
                0x08000000                . = ALIGN (0x4)
 *(.isr_vector)
 .isr_vector    0x08000000      0x184 ./cmsis/startup_at32f403a_407.o
                0x08000000                g_pfnVectors
                0x08000184                . = ALIGN (0x4)

.text           0x08000188     0x19b0
                0x08000188                . = ALIGN (0x4)
 *(.text)
 .text          0x08000188       0x40 f:/at32ide/platform/tools/gcc-arm-none-eabi-10.3-2021.10/bin/../lib/gcc/arm-none-eabi/10.3.1/thumb/v7e-m+fp/hard/crtbegin.o
 *(.text*)
 .text.startup  0x080001c8       0x10 f:/at32ide/platform/tools/gcc-arm-none-eabi-10.3-2021.10/bin/../lib/gcc/arm-none-eabi/10.3.1/thumb/v7e-m+fp/hard/crtfastmath.o
 .text.system_clock_config
                0x080001d8       0x68 ./user/at32f403a_407_clock.o
                0x080001d8                system_clock_config
 .text.NMI_Handler
                0x08000240        0x4 ./user/at32f403a_407_int.o
                0x08000240                NMI_Handler
 .text.HardFault_Handler
                0x08000244        0x4 ./user/at32f403a_407_int.o
                0x08000244                HardFault_Handler
 .text.MemManage_Handler
                0x08000248        0x4 ./user/at32f403a_407_int.o
                0x08000248                MemManage_Handler
 .text.BusFault_Handler
                0x0800024c        0x4 ./user/at32f403a_407_int.o
                0x0800024c                BusFault_Handler
 .text.UsageFault_Handler
                0x08000250        0x4 ./user/at32f403a_407_int.o
                0x08000250                UsageFault_Handler
 .text.SVC_Handler
                0x08000254        0x4 ./user/at32f403a_407_int.o
                0x08000254                SVC_Handler
 .text.DebugMon_Handler
                0x08000258        0x4 ./user/at32f403a_407_int.o
                0x08000258                DebugMon_Handler
 .text.PendSV_Handler
                0x0800025c        0x4 ./user/at32f403a_407_int.o
                0x0800025c                PendSV_Handler
 .text.SysTick_Handler
                0x08000260       0x10 ./user/at32f403a_407_int.o
                0x08000260                SysTick_Handler
 .text.DMA1_Channel1_IRQHandler
                0x08000270        0xc ./user/at32f403a_407_int.o
                0x08000270                DMA1_Channel1_IRQHandler
 *fill*         0x0800027c        0x4 
 .text.startup.main
                0x08000280      0x368 ./user/main.o
                0x08000280                main
 .text.crm_reset
                0x080005e8       0x44 ./firmware/at32f403a_407_crm.o
                0x080005e8                crm_reset
 .text.crm_flag_get
                0x0800062c       0x24 ./firmware/at32f403a_407_crm.o
                0x0800062c                crm_flag_get
 .text.crm_hext_stable_wait
                0x08000650       0x24 ./firmware/at32f403a_407_crm.o
                0x08000650                crm_hext_stable_wait
 .text.crm_periph_clock_enable
                0x08000674       0x2c ./firmware/at32f403a_407_crm.o
                0x08000674                crm_periph_clock_enable
 .text.crm_clock_source_enable
                0x080006a0       0x50 ./firmware/at32f403a_407_crm.o
                0x080006a0                crm_clock_source_enable
 .text.crm_ahb_div_set
                0x080006f0       0x10 ./firmware/at32f403a_407_crm.o
                0x080006f0                crm_ahb_div_set
 .text.crm_apb1_div_set
                0x08000700       0x10 ./firmware/at32f403a_407_crm.o
                0x08000700                crm_apb1_div_set
 .text.crm_apb2_div_set
                0x08000710       0x10 ./firmware/at32f403a_407_crm.o
                0x08000710                crm_apb2_div_set
 .text.crm_pll_config
                0x08000720       0x58 ./firmware/at32f403a_407_crm.o
                0x08000720                crm_pll_config
 .text.crm_sysclk_switch
                0x08000778       0x10 ./firmware/at32f403a_407_crm.o
                0x08000778                crm_sysclk_switch
 .text.crm_sysclk_switch_status_get
                0x08000788       0x10 ./firmware/at32f403a_407_crm.o
                0x08000788                crm_sysclk_switch_status_get
 .text.crm_clocks_freq_get
                0x08000798       0xf4 ./firmware/at32f403a_407_crm.o
                0x08000798                crm_clocks_freq_get
 .text.crm_auto_step_mode_enable
                0x0800088c       0x20 ./firmware/at32f403a_407_crm.o
                0x0800088c                crm_auto_step_mode_enable
 .text.dma_reset
                0x080008ac       0x58 ./firmware/at32f403a_407_dma.o
                0x080008ac                dma_reset
 .text.dma_flexible_config
                0x08000904       0x94 ./firmware/at32f403a_407_dma.o
                0x08000904                dma_flexible_config
 .text.dma_default_para_init
                0x08000998       0x10 ./firmware/at32f403a_407_dma.o
                0x08000998                dma_default_para_init
 .text.dma_init
                0x080009a8       0x64 ./firmware/at32f403a_407_dma.o
                0x080009a8                dma_init
 .text.gpio_init
                0x08000a0c      0x1a0 ./firmware/at32f403a_407_gpio.o
                0x08000a0c                gpio_init
 .text.gpio_default_para_init
                0x08000bac       0x10 ./firmware/at32f403a_407_gpio.o
                0x08000bac                gpio_default_para_init
 .text.nvic_irq_enable
                0x08000bbc       0x8c ./firmware/at32f403a_407_misc.o
                0x08000bbc                nvic_irq_enable
 .text.systick_clock_source_config
                0x08000c48       0x18 ./firmware/at32f403a_407_misc.o
                0x08000c48                systick_clock_source_config
 .text.spi_default_para_init
                0x08000c60        0xc ./firmware/at32f403a_407_spi.o
                0x08000c60                spi_default_para_init
 .text.spi_init
                0x08000c6c       0xf4 ./firmware/at32f403a_407_spi.o
                0x08000c6c                spi_init
 .text.tmr_counter_enable
                0x08000d60        0xc ./firmware/at32f403a_407_tmr.o
                0x08000d60                tmr_counter_enable
 .text.tmr_output_default_para_init
                0x08000d6c        0xc ./firmware/at32f403a_407_tmr.o
                0x08000d6c                tmr_output_default_para_init
 .text.tmr_base_init
                0x08000d78       0x10 ./firmware/at32f403a_407_tmr.o
                0x08000d78                tmr_base_init
 .text.tmr_cnt_dir_set
                0x08000d88        0xc ./firmware/at32f403a_407_tmr.o
                0x08000d88                tmr_cnt_dir_set
 .text.tmr_output_channel_config
                0x08000d94       0xe0 ./firmware/at32f403a_407_tmr.o
                0x08000d94                tmr_output_channel_config
 .text.tmr_channel_value_set
                0x08000e74       0x20 ./firmware/at32f403a_407_tmr.o
                0x08000e74                tmr_channel_value_set
 .text.tmr_output_enable
                0x08000e94        0xc ./firmware/at32f403a_407_tmr.o
                0x08000e94                tmr_output_enable
 .text.Reset_Handler
                0x08000ea0       0x48 ./cmsis/startup_at32f403a_407.o
                0x08000ea0                Reset_Handler
 .text.Default_Handler
                0x08000ee8        0x2 ./cmsis/startup_at32f403a_407.o
                0x08000ee8                SDIO1_IRQHandler
                0x08000ee8                XMC_IRQHandler
                0x08000ee8                EXINT2_IRQHandler
                0x08000ee8                USBFS_L_CAN1_RX0_IRQHandler
                0x08000ee8                UART8_IRQHandler
                0x08000ee8                SPI4_IRQHandler
                0x08000ee8                I2C2_EVT_IRQHandler
                0x08000ee8                TMR1_OVF_TMR10_IRQHandler
                0x08000ee8                TMR8_TRG_HALL_TMR14_IRQHandler
                0x08000ee8                USBFS_H_CAN1_TX_IRQHandler
                0x08000ee8                I2C1_ERR_IRQHandler
                0x08000ee8                EXINT9_5_IRQHandler
                0x08000ee8                EMAC_IRQHandler
                0x08000ee8                CAN2_RX1_IRQHandler
                0x08000ee8                TMR5_GLOBAL_IRQHandler
                0x08000ee8                SDIO2_IRQHandler
                0x08000ee8                ADC1_2_IRQHandler
                0x08000ee8                SPI1_IRQHandler
                0x08000ee8                TAMPER_IRQHandler
                0x08000ee8                CAN2_RX0_IRQHandler
                0x08000ee8                DMA2_Channel2_IRQHandler
                0x08000ee8                DMA1_Channel4_IRQHandler
                0x08000ee8                TMR8_CH_IRQHandler
                0x08000ee8                USART6_IRQHandler
                0x08000ee8                EXINT0_IRQHandler
                0x08000ee8                USART3_IRQHandler
                0x08000ee8                RTC_IRQHandler
                0x08000ee8                DMA1_Channel7_IRQHandler
                0x08000ee8                CAN1_RX1_IRQHandler
                0x08000ee8                UART5_IRQHandler
                0x08000ee8                ADC3_IRQHandler
                0x08000ee8                ACC_IRQHandler
                0x08000ee8                EMAC_WKUP_IRQHandler
                0x08000ee8                DMA2_Channel1_IRQHandler
                0x08000ee8                EXINT3_IRQHandler
                0x08000ee8                DMA1_Channel6_IRQHandler
                0x08000ee8                UART4_IRQHandler
                0x08000ee8                Default_Handler
                0x08000ee8                USBFS_MAPH_IRQHandler
                0x08000ee8                TMR3_GLOBAL_IRQHandler
                0x08000ee8                TMR7_GLOBAL_IRQHandler
                0x08000ee8                CAN1_SE_IRQHandler
                0x08000ee8                CAN2_TX_IRQHandler
                0x08000ee8                I2C3_ERR_IRQHandler
                0x08000ee8                SPI3_I2S3EXT_IRQHandler
                0x08000ee8                TMR1_BRK_TMR9_IRQHandler
                0x08000ee8                USBFS_MAPL_IRQHandler
                0x08000ee8                TMR8_BRK_TMR12_IRQHandler
                0x08000ee8                TMR1_TRG_HALL_TMR11_IRQHandler
                0x08000ee8                DMA1_Channel5_IRQHandler
                0x08000ee8                TMR4_GLOBAL_IRQHandler
                0x08000ee8                EXINT4_IRQHandler
                0x08000ee8                CAN2_SE_IRQHandler
                0x08000ee8                DMA2_Channel6_7_IRQHandler
                0x08000ee8                PVM_IRQHandler
                0x08000ee8                I2C3_EVT_IRQHandler
                0x08000ee8                DMA1_Channel3_IRQHandler
                0x08000ee8                I2C1_EVT_IRQHandler
                0x08000ee8                TMR8_OVF_TMR13_IRQHandler
                0x08000ee8                TMR6_GLOBAL_IRQHandler
                0x08000ee8                EXINT1_IRQHandler
                0x08000ee8                RTCAlarm_IRQHandler
                0x08000ee8                DMA2_Channel4_5_IRQHandler
                0x08000ee8                UART7_IRQHandler
                0x08000ee8                USART2_IRQHandler
                0x08000ee8                DMA1_Channel2_IRQHandler
                0x08000ee8                TMR2_GLOBAL_IRQHandler
                0x08000ee8                FLASH_IRQHandler
                0x08000ee8                SPI2_I2S2EXT_IRQHandler
                0x08000ee8                I2C2_ERR_IRQHandler
                0x08000ee8                USBFSWakeUp_IRQHandler
                0x08000ee8                USART1_IRQHandler
                0x08000ee8                TMR1_CH_IRQHandler
                0x08000ee8                CRM_IRQHandler
                0x08000ee8                EXINT15_10_IRQHandler
                0x08000ee8                WWDT_IRQHandler
                0x08000ee8                DMA2_Channel3_IRQHandler
 *fill*         0x08000eea        0x2 
 .text.SystemInit
                0x08000eec       0x64 ./cmsis/system_at32f403a_407.o
                0x08000eec                SystemInit
 .text.system_core_clock_update
                0x08000f50       0xac ./cmsis/system_at32f403a_407.o
                0x08000f50                system_core_clock_update
 .text.delay_ms
                0x08000ffc       0x1c ./bsp/at32f403a_407_board.o
                0x08000ffc                delay_ms
 .text.LCD_String_Interpretator
                0x08001018       0xe0 ./Display/display.o
                0x08001018                LCD_String_Interpretator
 .text.LCD_DisplayAdd
                0x080010f8      0x208 ./Display/display.o
                0x080010f8                LCD_DisplayAdd
 .text.LCD_Init
                0x08001300       0x88 ./Display/display.o
                0x08001300                LCD_Init
 .text.LCD_Fill
                0x08001388       0x20 ./Display/display.o
                0x08001388                LCD_Fill
 .text.LCD_WriteChar
                0x080013a8      0x304 ./Display/display.o
                0x080013a8                LCD_WriteChar
 .text.LCD_WriteString
                0x080016ac       0x6c ./Display/display.o
                0x080016ac                LCD_WriteString
 .text.LCD_SetActiveWindow
                0x08001718       0xbe ./Display/display_asm.o
                0x08001718                LCD_SetActiveWindow
 .text.LCD_WriteData
                0x080017d6       0x66 ./Display/display_asm.o
                0x080017d6                LCD_WriteData
 .text.LCD_WriteDataDMA
                0x0800183c       0x8e ./Display/display_asm.o
                0x0800183c                LCD_WriteDataDMA
 .text.LCD_FillWindow
                0x080018ca       0x8c ./Display/display_asm.o
                0x080018ca                LCD_FillWindow
 *fill*         0x08001956        0x2 
 .text.Display_TC_Callback
                0x08001958       0x78 ./Display/display_asm.o
                0x08001958                Display_TC_Callback
 .text.ILI9341_Init
                0x080019d0       0x3c ./Display/ili9341.o
                0x080019d0                ILI9341_Init
 .text.ILI9341_SetWindow
                0x08001a0c       0x24 ./Display/ili9341.o
                0x08001a0c                ILI9341_SetWindow
 .text.ILI9341_SleepIn
                0x08001a30        0x8 ./Display/ili9341.o
                0x08001a30                ILI9341_SleepIn
 .text.ILI9341_SleepOut
                0x08001a38        0x8 ./Display/ili9341.o
                0x08001a38                ILI9341_SleepOut
 .text.__libc_init_array
                0x08001a40       0x48 f:/at32ide/platform/tools/gcc-arm-none-eabi-10.3-2021.10/bin/../lib/gcc/arm-none-eabi/10.3.1/../../../../arm-none-eabi/lib/thumb/v7e-m+fp/hard\libg_nano.a(lib_a-init.o)
                0x08001a40                __libc_init_array
 .text.memset   0x08001a88       0x10 f:/at32ide/platform/tools/gcc-arm-none-eabi-10.3-2021.10/bin/../lib/gcc/arm-none-eabi/10.3.1/../../../../arm-none-eabi/lib/thumb/v7e-m+fp/hard\libg_nano.a(lib_a-memset.o)
                0x08001a88                memset
 .text.__utoa   0x08001a98       0x84 f:/at32ide/platform/tools/gcc-arm-none-eabi-10.3-2021.10/bin/../lib/gcc/arm-none-eabi/10.3.1/../../../../arm-none-eabi/lib/thumb/v7e-m+fp/hard\libg_nano.a(lib_a-utoa.o)
                0x08001a98                __utoa
 .text.utoa     0x08001b1c        0x4 f:/at32ide/platform/tools/gcc-arm-none-eabi-10.3-2021.10/bin/../lib/gcc/arm-none-eabi/10.3.1/../../../../arm-none-eabi/lib/thumb/v7e-m+fp/hard\libg_nano.a(lib_a-utoa.o)
                0x08001b1c                utoa
 *(.glue_7)
 .glue_7        0x08001b20        0x0 linker stubs
 *(.glue_7t)
 .glue_7t       0x08001b20        0x0 linker stubs
 *(.eh_frame)
 .eh_frame      0x08001b20        0x0 f:/at32ide/platform/tools/gcc-arm-none-eabi-10.3-2021.10/bin/../lib/gcc/arm-none-eabi/10.3.1/thumb/v7e-m+fp/hard/crtbegin.o
 *(.init)
 .init          0x08001b20        0x4 f:/at32ide/platform/tools/gcc-arm-none-eabi-10.3-2021.10/bin/../lib/gcc/arm-none-eabi/10.3.1/thumb/v7e-m+fp/hard/crti.o
                0x08001b20                _init
 .init          0x08001b24        0x8 f:/at32ide/platform/tools/gcc-arm-none-eabi-10.3-2021.10/bin/../lib/gcc/arm-none-eabi/10.3.1/thumb/v7e-m+fp/hard/crtn.o
 *(.fini)
 .fini          0x08001b2c        0x4 f:/at32ide/platform/tools/gcc-arm-none-eabi-10.3-2021.10/bin/../lib/gcc/arm-none-eabi/10.3.1/thumb/v7e-m+fp/hard/crti.o
                0x08001b2c                _fini
 .fini          0x08001b30        0x8 f:/at32ide/platform/tools/gcc-arm-none-eabi-10.3-2021.10/bin/../lib/gcc/arm-none-eabi/10.3.1/thumb/v7e-m+fp/hard/crtn.o
                0x08001b38                . = ALIGN (0x4)
                0x08001b38                _etext = .

.vfp11_veneer   0x08001b38        0x0
 .vfp11_veneer  0x08001b38        0x0 linker stubs

.v4_bx          0x08001b38        0x0
 .v4_bx         0x08001b38        0x0 linker stubs

.iplt           0x08001b38        0x0
 .iplt          0x08001b38        0x0 f:/at32ide/platform/tools/gcc-arm-none-eabi-10.3-2021.10/bin/../lib/gcc/arm-none-eabi/10.3.1/thumb/v7e-m+fp/hard/crtfastmath.o

.rodata         0x08001b38     0x2c38
                0x08001b38                . = ALIGN (0x4)
 *(.rodata)
 .rodata        0x08001b38       0x10 ./user/main.o
 *(.rodata*)
 .rodata.main.str1.4
                0x08001b48        0xe ./user/main.o
 *fill*         0x08001b56        0x2 
 .rodata.adc_div_table.0
                0x08001b58        0x8 ./firmware/at32f403a_407_crm.o
 .rodata.ahb_apb1_div_table.2
                0x08001b60        0x8 ./firmware/at32f403a_407_crm.o
 .rodata.sclk_ahb_div_table.3
                0x08001b68       0x10 ./firmware/at32f403a_407_crm.o
 .rodata.sys_ahb_div_table.0
                0x08001b78       0x10 ./cmsis/system_at32f403a_407.o
 .rodata.Font15x25
                0x08001b88     0x2bc0 ./Display/fonts.o
 .rodata.__utoa.str1.1
                0x08004748       0x25 f:/at32ide/platform/tools/gcc-arm-none-eabi-10.3-2021.10/bin/../lib/gcc/arm-none-eabi/10.3.1/../../../../arm-none-eabi/lib/thumb/v7e-m+fp/hard\libg_nano.a(lib_a-utoa.o)
                0x08004770                . = ALIGN (0x4)
 *fill*         0x0800476d        0x3 

.rel.dyn        0x08004770        0x0
 .rel.iplt      0x08004770        0x0 f:/at32ide/platform/tools/gcc-arm-none-eabi-10.3-2021.10/bin/../lib/gcc/arm-none-eabi/10.3.1/thumb/v7e-m+fp/hard/crtfastmath.o

.ARM.extab
 *(.ARM.extab* .gnu.linkonce.armextab.*)

.ARM            0x08004770        0x0
                0x08004770                __exidx_start = .
 *(.ARM.exidx*)
                0x08004770                __exidx_end = .

.preinit_array  0x08004770        0x0
                0x08004770                PROVIDE (__preinit_array_start = .)
 *(.preinit_array*)
                0x08004770                PROVIDE (__preinit_array_end = .)

.init_array     0x08004770        0x8
                0x08004770                PROVIDE (__init_array_start = .)
 *(SORT_BY_NAME(.init_array.*))
 *(.init_array*)
 .init_array    0x08004770        0x4 f:/at32ide/platform/tools/gcc-arm-none-eabi-10.3-2021.10/bin/../lib/gcc/arm-none-eabi/10.3.1/thumb/v7e-m+fp/hard/crtfastmath.o
 .init_array    0x08004774        0x4 f:/at32ide/platform/tools/gcc-arm-none-eabi-10.3-2021.10/bin/../lib/gcc/arm-none-eabi/10.3.1/thumb/v7e-m+fp/hard/crtbegin.o
                0x08004778                PROVIDE (__init_array_end = .)

.fini_array     0x08004778        0x4
                [!provide]                PROVIDE (__fini_array_start = .)
 *(SORT_BY_NAME(.fini_array.*))
 *(.fini_array*)
 .fini_array    0x08004778        0x4 f:/at32ide/platform/tools/gcc-arm-none-eabi-10.3-2021.10/bin/../lib/gcc/arm-none-eabi/10.3.1/thumb/v7e-m+fp/hard/crtbegin.o
                [!provide]                PROVIDE (__fini_array_end = .)
                0x0800477c                _sidata = LOADADDR (.data)

.data           0x20000000       0xc8 load address 0x0800477c
                0x20000000                . = ALIGN (0x4)
                0x20000000                _sdata = .
 *(.data)
 *(.data*)
 .data.system_core_clock
                0x20000000        0x4 ./cmsis/system_at32f403a_407.o
                0x20000000                system_core_clock
 .data.Font_15x25
                0x20000004        0xc ./Display/fonts.o
                0x20000004                Font_15x25
 .data.ili9341_init_str
                0x20000010       0x91 ./Display/ili9341.o
                0x20000010                ili9341_init_str
 *fill*         0x200000a1        0x3 
 .data.ili9341_setwin_str
                0x200000a4       0x12 ./Display/ili9341.o
                0x200000a4                ili9341_setwin_str
 *fill*         0x200000b6        0x2 
 .data.ili9341_sleepin_str
                0x200000b8        0x6 ./Display/ili9341.o
                0x200000b8                ili9341_sleepin_str
 *fill*         0x200000be        0x2 
 .data.ili9341_sleepout_str
                0x200000c0        0x6 ./Display/ili9341.o
                0x200000c0                ili9341_sleepout_str
                0x200000c8                . = ALIGN (0x4)
 *fill*         0x200000c6        0x2 
                0x200000c8                _edata = .

.igot.plt       0x200000c8        0x0 load address 0x08004844
 .igot.plt      0x200000c8        0x0 f:/at32ide/platform/tools/gcc-arm-none-eabi-10.3-2021.10/bin/../lib/gcc/arm-none-eabi/10.3.1/thumb/v7e-m+fp/hard/crtfastmath.o
                0x200000c8                . = ALIGN (0x4)

.bss            0x200000c8       0x24 load address 0x08004844
                0x200000c8                _sbss = .
                0x200000c8                __bss_start__ = _sbss
 *(.bss)
 .bss           0x200000c8       0x1c f:/at32ide/platform/tools/gcc-arm-none-eabi-10.3-2021.10/bin/../lib/gcc/arm-none-eabi/10.3.1/thumb/v7e-m+fp/hard/crtbegin.o
 *(.bss*)
 .bss.millis    0x200000e4        0x4 ./user/main.o
                0x200000e4                millis
 .bss.LCD       0x200000e8        0x4 ./Display/display.o
                0x200000e8                LCD
 *(COMMON)
                0x200000ec                . = ALIGN (0x4)
                0x200000ec                _ebss = .
                0x200000ec                __bss_end__ = _ebss

._user_heap_stack
                0x200000ec      0x604 load address 0x08004844
                0x200000f0                . = ALIGN (0x8)
 *fill*         0x200000ec        0x4 
                [!provide]                PROVIDE (end = .)
                [!provide]                PROVIDE (_end = .)
                0x200002f0                . = (. + _Min_Heap_Size)
 *fill*         0x200000f0      0x200 
                0x200006f0                . = (. + _Min_Stack_Size)
 *fill*         0x200002f0      0x400 
                0x200006f0                . = ALIGN (0x8)

/DISCARD/
 libc.a(*)
 libm.a(*)
 libgcc.a(*)

.ARM.attributes
                0x00000000       0x32
 *(.ARM.attributes)
 .ARM.attributes
                0x00000000       0x34 f:/at32ide/platform/tools/gcc-arm-none-eabi-10.3-2021.10/bin/../lib/gcc/arm-none-eabi/10.3.1/thumb/v7e-m+fp/hard/crtfastmath.o
 .ARM.attributes
                0x00000034       0x1e f:/at32ide/platform/tools/gcc-arm-none-eabi-10.3-2021.10/bin/../lib/gcc/arm-none-eabi/10.3.1/thumb/v7e-m+fp/hard/crti.o
 .ARM.attributes
                0x00000052       0x34 f:/at32ide/platform/tools/gcc-arm-none-eabi-10.3-2021.10/bin/../lib/gcc/arm-none-eabi/10.3.1/thumb/v7e-m+fp/hard/crtbegin.o
 .ARM.attributes
                0x00000086       0x30 ./user/at32f403a_407_clock.o
 .ARM.attributes
                0x000000b6       0x30 ./user/at32f403a_407_int.o
 .ARM.attributes
                0x000000e6       0x30 ./user/main.o
 .ARM.attributes
                0x00000116       0x30 ./firmware/at32f403a_407_crm.o
 .ARM.attributes
                0x00000146       0x30 ./firmware/at32f403a_407_dma.o
 .ARM.attributes
                0x00000176       0x30 ./firmware/at32f403a_407_gpio.o
 .ARM.attributes
                0x000001a6       0x30 ./firmware/at32f403a_407_misc.o
 .ARM.attributes
                0x000001d6       0x30 ./firmware/at32f403a_407_spi.o
 .ARM.attributes
                0x00000206       0x30 ./firmware/at32f403a_407_tmr.o
 .ARM.attributes
                0x00000236       0x21 ./cmsis/startup_at32f403a_407.o
 .ARM.attributes
                0x00000257       0x30 ./cmsis/system_at32f403a_407.o
 .ARM.attributes
                0x00000287       0x30 ./bsp/at32f403a_407_board.o
 .ARM.attributes
                0x000002b7       0x30 ./Display/display.o
 .ARM.attributes
                0x000002e7       0x25 ./Display/display_asm.o
 .ARM.attributes
                0x0000030c       0x30 ./Display/fonts.o
 .ARM.attributes
                0x0000033c       0x30 ./Display/ili9341.o
 .ARM.attributes
                0x0000036c       0x34 f:/at32ide/platform/tools/gcc-arm-none-eabi-10.3-2021.10/bin/../lib/gcc/arm-none-eabi/10.3.1/../../../../arm-none-eabi/lib/thumb/v7e-m+fp/hard\libg_nano.a(lib_a-init.o)
 .ARM.attributes
                0x000003a0       0x34 f:/at32ide/platform/tools/gcc-arm-none-eabi-10.3-2021.10/bin/../lib/gcc/arm-none-eabi/10.3.1/../../../../arm-none-eabi/lib/thumb/v7e-m+fp/hard\libg_nano.a(lib_a-memset.o)
 .ARM.attributes
                0x000003d4       0x34 f:/at32ide/platform/tools/gcc-arm-none-eabi-10.3-2021.10/bin/../lib/gcc/arm-none-eabi/10.3.1/../../../../arm-none-eabi/lib/thumb/v7e-m+fp/hard\libg_nano.a(lib_a-utoa.o)
 .ARM.attributes
                0x00000408       0x1e f:/at32ide/platform/tools/gcc-arm-none-eabi-10.3-2021.10/bin/../lib/gcc/arm-none-eabi/10.3.1/thumb/v7e-m+fp/hard/crtn.o
OUTPUT(AT32F403ACGU7_display_spi_dma.elf elf32-littlearm)
LOAD linker stubs
LOAD f:/at32ide/platform/tools/gcc-arm-none-eabi-10.3-2021.10/bin/../lib/gcc/arm-none-eabi/10.3.1/../../../../arm-none-eabi/lib/thumb/v7e-m+fp/hard\libc.a
LOAD f:/at32ide/platform/tools/gcc-arm-none-eabi-10.3-2021.10/bin/../lib/gcc/arm-none-eabi/10.3.1/../../../../arm-none-eabi/lib/thumb/v7e-m+fp/hard\libm.a
LOAD f:/at32ide/platform/tools/gcc-arm-none-eabi-10.3-2021.10/bin/../lib/gcc/arm-none-eabi/10.3.1/thumb/v7e-m+fp/hard\libgcc.a

.debug_frame    0x00000000     0x1198
 .debug_frame   0x00000000       0x20 f:/at32ide/platform/tools/gcc-arm-none-eabi-10.3-2021.10/bin/../lib/gcc/arm-none-eabi/10.3.1/thumb/v7e-m+fp/hard/crtfastmath.o
 .debug_frame   0x00000020       0x2c ./user/at32f403a_407_clock.o
 .debug_frame   0x0000004c       0xb0 ./user/at32f403a_407_int.o
 .debug_frame   0x000000fc       0x3c ./user/main.o
 .debug_frame   0x00000138      0x258 ./firmware/at32f403a_407_crm.o
 .debug_frame   0x00000390       0xbc ./firmware/at32f403a_407_dma.o
 .debug_frame   0x0000044c      0x180 ./firmware/at32f403a_407_gpio.o
 .debug_frame   0x000005cc       0x88 ./firmware/at32f403a_407_misc.o
 .debug_frame   0x00000654      0x1bc ./firmware/at32f403a_407_spi.o
 .debug_frame   0x00000810      0x464 ./firmware/at32f403a_407_tmr.o
 .debug_frame   0x00000c74       0x44 ./cmsis/system_at32f403a_407.o
 .debug_frame   0x00000cb8       0x20 ./bsp/at32f403a_407_board.o
 .debug_frame   0x00000cd8      0x3d0 ./Display/display.o
 .debug_frame   0x000010a8       0x5c ./Display/ili9341.o
 .debug_frame   0x00001104       0x2c f:/at32ide/platform/tools/gcc-arm-none-eabi-10.3-2021.10/bin/../lib/gcc/arm-none-eabi/10.3.1/../../../../arm-none-eabi/lib/thumb/v7e-m+fp/hard\libg_nano.a(lib_a-init.o)
 .debug_frame   0x00001130       0x20 f:/at32ide/platform/tools/gcc-arm-none-eabi-10.3-2021.10/bin/../lib/gcc/arm-none-eabi/10.3.1/../../../../arm-none-eabi/lib/thumb/v7e-m+fp/hard\libg_nano.a(lib_a-memset.o)
 .debug_frame   0x00001150       0x48 f:/at32ide/platform/tools/gcc-arm-none-eabi-10.3-2021.10/bin/../lib/gcc/arm-none-eabi/10.3.1/../../../../arm-none-eabi/lib/thumb/v7e-m+fp/hard\libg_nano.a(lib_a-utoa.o)

.debug_info     0x00000000    0x16a24
 .debug_info    0x00000000      0x53c ./user/at32f403a_407_clock.o
 .debug_info    0x0000053c      0x706 ./user/at32f403a_407_int.o
 .debug_info    0x00000c42     0x472f ./user/main.o
 .debug_info    0x00005371     0x2491 ./firmware/at32f403a_407_crm.o
 .debug_info    0x00007802      0xe56 ./firmware/at32f403a_407_dma.o
 .debug_info    0x00008658     0x20d8 ./firmware/at32f403a_407_gpio.o
 .debug_info    0x0000a730      0xb01 ./firmware/at32f403a_407_misc.o
 .debug_info    0x0000b231     0x132b ./firmware/at32f403a_407_spi.o
 .debug_info    0x0000c55c     0x2ad2 ./firmware/at32f403a_407_tmr.o
 .debug_info    0x0000f02e       0x22 ./cmsis/startup_at32f403a_407.o
 .debug_info    0x0000f050     0x15cf ./cmsis/system_at32f403a_407.o
 .debug_info    0x0001061f      0x112 ./bsp/at32f403a_407_board.o
 .debug_info    0x00010731     0x5d51 ./Display/display.o
 .debug_info    0x00016482       0x22 ./Display/display_asm.o
 .debug_info    0x000164a4      0x269 ./Display/fonts.o
 .debug_info    0x0001670d      0x317 ./Display/ili9341.o

.debug_abbrev   0x00000000     0x1f9f
 .debug_abbrev  0x00000000       0xd2 ./user/at32f403a_407_clock.o
 .debug_abbrev  0x000000d2      0x18f ./user/at32f403a_407_int.o
 .debug_abbrev  0x00000261      0x3d9 ./user/main.o
 .debug_abbrev  0x0000063a      0x357 ./firmware/at32f403a_407_crm.o
 .debug_abbrev  0x00000991      0x22f ./firmware/at32f403a_407_dma.o
 .debug_abbrev  0x00000bc0      0x25c ./firmware/at32f403a_407_gpio.o
 .debug_abbrev  0x00000e1c      0x27e ./firmware/at32f403a_407_misc.o
 .debug_abbrev  0x0000109a      0x28a ./firmware/at32f403a_407_spi.o
 .debug_abbrev  0x00001324      0x2b1 ./firmware/at32f403a_407_tmr.o
 .debug_abbrev  0x000015d5       0x12 ./cmsis/startup_at32f403a_407.o
 .debug_abbrev  0x000015e7      0x1b9 ./cmsis/system_at32f403a_407.o
 .debug_abbrev  0x000017a0       0xb5 ./bsp/at32f403a_407_board.o
 .debug_abbrev  0x00001855      0x526 ./Display/display.o
 .debug_abbrev  0x00001d7b       0x12 ./Display/display_asm.o
 .debug_abbrev  0x00001d8d       0xd7 ./Display/fonts.o
 .debug_abbrev  0x00001e64      0x13b ./Display/ili9341.o

.debug_aranges  0x00000000      0x7b0
 .debug_aranges
                0x00000000       0x20 ./user/at32f403a_407_clock.o
 .debug_aranges
                0x00000020       0x50 ./user/at32f403a_407_int.o
 .debug_aranges
                0x00000070       0x20 ./user/main.o
 .debug_aranges
                0x00000090      0x120 ./firmware/at32f403a_407_crm.o
 .debug_aranges
                0x000001b0       0x68 ./firmware/at32f403a_407_dma.o
 .debug_aranges
                0x00000218       0xa8 ./firmware/at32f403a_407_gpio.o
 .debug_aranges
                0x000002c0       0x50 ./firmware/at32f403a_407_misc.o
 .debug_aranges
                0x00000310       0xd0 ./firmware/at32f403a_407_spi.o
 .debug_aranges
                0x000003e0      0x1c8 ./firmware/at32f403a_407_tmr.o
 .debug_aranges
                0x000005a8       0x28 ./cmsis/startup_at32f403a_407.o
 .debug_aranges
                0x000005d0       0x28 ./cmsis/system_at32f403a_407.o
 .debug_aranges
                0x000005f8       0x20 ./bsp/at32f403a_407_board.o
 .debug_aranges
                0x00000618      0x100 ./Display/display.o
 .debug_aranges
                0x00000718       0x48 ./Display/display_asm.o
 .debug_aranges
                0x00000760       0x18 ./Display/fonts.o
 .debug_aranges
                0x00000778       0x38 ./Display/ili9341.o

.debug_ranges   0x00000000      0xeb8
 .debug_ranges  0x00000000       0x10 ./user/at32f403a_407_clock.o
 .debug_ranges  0x00000010       0x40 ./user/at32f403a_407_int.o
 .debug_ranges  0x00000050       0x90 ./user/main.o
 .debug_ranges  0x000000e0      0x148 ./firmware/at32f403a_407_crm.o
 .debug_ranges  0x00000228       0x58 ./firmware/at32f403a_407_dma.o
 .debug_ranges  0x00000280       0x98 ./firmware/at32f403a_407_gpio.o
 .debug_ranges  0x00000318       0xd8 ./firmware/at32f403a_407_misc.o
 .debug_ranges  0x000003f0       0xc0 ./firmware/at32f403a_407_spi.o
 .debug_ranges  0x000004b0      0x1e8 ./firmware/at32f403a_407_tmr.o
 .debug_ranges  0x00000698       0x20 ./cmsis/startup_at32f403a_407.o
 .debug_ranges  0x000006b8       0x18 ./cmsis/system_at32f403a_407.o
 .debug_ranges  0x000006d0       0x10 ./bsp/at32f403a_407_board.o
 .debug_ranges  0x000006e0      0x770 ./Display/display.o
 .debug_ranges  0x00000e50       0x40 ./Display/display_asm.o
 .debug_ranges  0x00000e90       0x28 ./Display/ili9341.o

.debug_line     0x00000000     0x6839
 .debug_line    0x00000000      0x234 ./user/at32f403a_407_clock.o
 .debug_line    0x00000234      0x259 ./user/at32f403a_407_int.o
 .debug_line    0x0000048d      0x64a ./user/main.o
 .debug_line    0x00000ad7      0x926 ./firmware/at32f403a_407_crm.o
 .debug_line    0x000013fd      0x46b ./firmware/at32f403a_407_dma.o
 .debug_line    0x00001868      0x7c0 ./firmware/at32f403a_407_gpio.o
 .debug_line    0x00002028      0x483 ./firmware/at32f403a_407_misc.o
 .debug_line    0x000024ab      0x880 ./firmware/at32f403a_407_spi.o
 .debug_line    0x00002d2b     0x1057 ./firmware/at32f403a_407_tmr.o
 .debug_line    0x00003d82       0x7c ./cmsis/startup_at32f403a_407.o
 .debug_line    0x00003dfe      0x3b3 ./cmsis/system_at32f403a_407.o
 .debug_line    0x000041b1      0x181 ./bsp/at32f403a_407_board.o
 .debug_line    0x00004332     0x1fc4 ./Display/display.o
 .debug_line    0x000062f6      0x1a7 ./Display/display_asm.o
 .debug_line    0x0000649d      0x141 ./Display/fonts.o
 .debug_line    0x000065de      0x25b ./Display/ili9341.o

.debug_str      0x00000000     0x75be
 .debug_str     0x00000000      0x891 ./user/at32f403a_407_clock.o
                                0x8da (size before relaxing)
 .debug_str     0x00000891      0x2d1 ./user/at32f403a_407_int.o
                                0x472 (size before relaxing)
 .debug_str     0x00000b62     0x2c55 ./user/main.o
                               0x30b9 (size before relaxing)
 .debug_str     0x000037b7     0x1342 ./firmware/at32f403a_407_crm.o
                               0x2169 (size before relaxing)
 .debug_str     0x00004af9       0xf7 ./firmware/at32f403a_407_dma.o
                                0xf00 (size before relaxing)
 .debug_str     0x00004bf0      0x873 ./firmware/at32f403a_407_gpio.o
                               0x13e1 (size before relaxing)
 .debug_str     0x00005463      0x210 ./firmware/at32f403a_407_misc.o
                                0xb0b (size before relaxing)
 .debug_str     0x00005673      0x6a4 ./firmware/at32f403a_407_spi.o
                               0x121d (size before relaxing)
 .debug_str     0x00005d17     0x1242 ./firmware/at32f403a_407_tmr.o
                               0x203c (size before relaxing)
 .debug_str     0x00006f59       0x2f ./cmsis/startup_at32f403a_407.o
                                 0x67 (size before relaxing)
 .debug_str     0x00006f88       0x3d ./cmsis/system_at32f403a_407.o
                                0xb45 (size before relaxing)
 .debug_str     0x00006fc5       0x1d ./bsp/at32f403a_407_board.o
                                0x1e0 (size before relaxing)
 .debug_str     0x00006fe2      0x46c ./Display/display.o
                               0x17cd (size before relaxing)
 .debug_str     0x0000744e       0x19 ./Display/display_asm.o
                                 0x5f (size before relaxing)
 .debug_str     0x00007467       0x45 ./Display/fonts.o
                                0x3c8 (size before relaxing)
 .debug_str     0x000074ac      0x112 ./Display/ili9341.o
                                0x4e1 (size before relaxing)

.comment        0x00000000       0x49
 .comment       0x00000000       0x49 ./user/at32f403a_407_clock.o
                                 0x4a (size before relaxing)
 .comment       0x00000049       0x4a ./user/at32f403a_407_int.o
 .comment       0x00000049       0x4a ./user/main.o
 .comment       0x00000049       0x4a ./firmware/at32f403a_407_crm.o
 .comment       0x00000049       0x4a ./firmware/at32f403a_407_dma.o
 .comment       0x00000049       0x4a ./firmware/at32f403a_407_gpio.o
 .comment       0x00000049       0x4a ./firmware/at32f403a_407_misc.o
 .comment       0x00000049       0x4a ./firmware/at32f403a_407_spi.o
 .comment       0x00000049       0x4a ./firmware/at32f403a_407_tmr.o
 .comment       0x00000049       0x4a ./cmsis/system_at32f403a_407.o
 .comment       0x00000049       0x4a ./bsp/at32f403a_407_board.o
 .comment       0x00000049       0x4a ./Display/display.o
 .comment       0x00000049       0x4a ./Display/fonts.o
 .comment       0x00000049       0x4a ./Display/ili9341.o

.debug_loc      0x00000000     0x69ba
 .debug_loc     0x00000000      0x1da ./user/main.o
 .debug_loc     0x000001da      0x4f5 ./firmware/at32f403a_407_crm.o
 .debug_loc     0x000006cf      0x1b4 ./firmware/at32f403a_407_dma.o
 .debug_loc     0x00000883      0x611 ./firmware/at32f403a_407_gpio.o
 .debug_loc     0x00000e94      0x418 ./firmware/at32f403a_407_misc.o
 .debug_loc     0x000012ac      0x45d ./firmware/at32f403a_407_spi.o
 .debug_loc     0x00001709      0xb8c ./firmware/at32f403a_407_tmr.o
 .debug_loc     0x00002295      0x165 ./cmsis/system_at32f403a_407.o
 .debug_loc     0x000023fa       0x3e ./bsp/at32f403a_407_board.o
 .debug_loc     0x00002438     0x4423 ./Display/display.o
 .debug_loc     0x0000685b      0x15f ./Display/ili9341.o
